   1               		.file	"display_library.c"
   2               	__SP_H__ = 0x3e
   3               	__SP_L__ = 0x3d
   4               	__SREG__ = 0x3f
   5               	__tmp_reg__ = 0
   6               	__zero_reg__ = 1
   8               		.text
   9               	.Ltext0:
  60               	.global	zero
  62               	zero:
   1:/Users/Mihai/Documents/GitHub/Proiect_Nanu/avr3/display_library.c **** //
   2:/Users/Mihai/Documents/GitHub/Proiect_Nanu/avr3/display_library.c **** //  display_library.c
   3:/Users/Mihai/Documents/GitHub/Proiect_Nanu/avr3/display_library.c **** //  avr3
   4:/Users/Mihai/Documents/GitHub/Proiect_Nanu/avr3/display_library.c **** //
   5:/Users/Mihai/Documents/GitHub/Proiect_Nanu/avr3/display_library.c **** //  Created by Pop Mihai on 11/11/14.
   6:/Users/Mihai/Documents/GitHub/Proiect_Nanu/avr3/display_library.c **** //  Copyright (c) 2014 Mihai. All rights reserved.
   7:/Users/Mihai/Documents/GitHub/Proiect_Nanu/avr3/display_library.c **** //
   8:/Users/Mihai/Documents/GitHub/Proiect_Nanu/avr3/display_library.c **** 
   9:/Users/Mihai/Documents/GitHub/Proiect_Nanu/avr3/display_library.c **** #include "display_library.h"
  10:/Users/Mihai/Documents/GitHub/Proiect_Nanu/avr3/display_library.c **** 
  11:/Users/Mihai/Documents/GitHub/Proiect_Nanu/avr3/display_library.c **** #include "shift_reg_library.h"
  12:/Users/Mihai/Documents/GitHub/Proiect_Nanu/avr3/display_library.c **** 
  13:/Users/Mihai/Documents/GitHub/Proiect_Nanu/avr3/display_library.c **** void zero(int number){
  64               	.LM0:
  65               	.LFBB1:
  66 0000 CF93      		push r28
  67 0002 DF93      		push r29
  68               	/* prologue: function */
  69               	/* frame size = 0 */
  70               	/* stack size = 2 */
  71               	.L__stack_usage = 2
  72 0004 EC01      		movw r28,r24
  14:/Users/Mihai/Documents/GitHub/Proiect_Nanu/avr3/display_library.c ****     
  15:/Users/Mihai/Documents/GitHub/Proiect_Nanu/avr3/display_library.c ****     shiftNull(number);
  74               	.LM1:
  75 0006 0E94 0000 		call shiftNull
  16:/Users/Mihai/Documents/GitHub/Proiect_Nanu/avr3/display_library.c ****     shiftOne(number);
  77               	.LM2:
  78 000a CE01      		movw r24,r28
  79 000c 0E94 0000 		call shiftOne
  17:/Users/Mihai/Documents/GitHub/Proiect_Nanu/avr3/display_library.c ****     shiftOne(number);
  81               	.LM3:
  82 0010 CE01      		movw r24,r28
  83 0012 0E94 0000 		call shiftOne
  18:/Users/Mihai/Documents/GitHub/Proiect_Nanu/avr3/display_library.c ****     shiftOne(number);
  85               	.LM4:
  86 0016 CE01      		movw r24,r28
  87 0018 0E94 0000 		call shiftOne
  19:/Users/Mihai/Documents/GitHub/Proiect_Nanu/avr3/display_library.c ****     shiftOne(number);
  89               	.LM5:
  90 001c CE01      		movw r24,r28
  91 001e 0E94 0000 		call shiftOne
  20:/Users/Mihai/Documents/GitHub/Proiect_Nanu/avr3/display_library.c ****     shiftOne(number);
  93               	.LM6:
  94 0022 CE01      		movw r24,r28
  95 0024 0E94 0000 		call shiftOne
  21:/Users/Mihai/Documents/GitHub/Proiect_Nanu/avr3/display_library.c ****     shiftOne(number);
  97               	.LM7:
  98 0028 CE01      		movw r24,r28
  99 002a 0E94 0000 		call shiftOne
  22:/Users/Mihai/Documents/GitHub/Proiect_Nanu/avr3/display_library.c ****     shiftNull(number);
 101               	.LM8:
 102 002e CE01      		movw r24,r28
 103 0030 0E94 0000 		call shiftNull
 104               	/* epilogue start */
  23:/Users/Mihai/Documents/GitHub/Proiect_Nanu/avr3/display_library.c ****     serialSend();
  24:/Users/Mihai/Documents/GitHub/Proiect_Nanu/avr3/display_library.c ****     
  25:/Users/Mihai/Documents/GitHub/Proiect_Nanu/avr3/display_library.c **** }
 106               	.LM9:
 107 0034 DF91      		pop r29
 108 0036 CF91      		pop r28
  23:/Users/Mihai/Documents/GitHub/Proiect_Nanu/avr3/display_library.c ****     serialSend();
 110               	.LM10:
 111 0038 0C94 0000 		jmp serialSend
 113               	.Lscope1:
 116               	.global	one
 118               	one:
  26:/Users/Mihai/Documents/GitHub/Proiect_Nanu/avr3/display_library.c **** void one(int number){
 120               	.LM11:
 121               	.LFBB2:
 122 003c CF93      		push r28
 123 003e DF93      		push r29
 124               	/* prologue: function */
 125               	/* frame size = 0 */
 126               	/* stack size = 2 */
 127               	.L__stack_usage = 2
 128 0040 EC01      		movw r28,r24
  27:/Users/Mihai/Documents/GitHub/Proiect_Nanu/avr3/display_library.c ****     
  28:/Users/Mihai/Documents/GitHub/Proiect_Nanu/avr3/display_library.c ****     shiftNull(number);
 130               	.LM12:
 131 0042 0E94 0000 		call shiftNull
  29:/Users/Mihai/Documents/GitHub/Proiect_Nanu/avr3/display_library.c ****     shiftOne(number);
 133               	.LM13:
 134 0046 CE01      		movw r24,r28
 135 0048 0E94 0000 		call shiftOne
  30:/Users/Mihai/Documents/GitHub/Proiect_Nanu/avr3/display_library.c ****     shiftNull(number);
 137               	.LM14:
 138 004c CE01      		movw r24,r28
 139 004e 0E94 0000 		call shiftNull
  31:/Users/Mihai/Documents/GitHub/Proiect_Nanu/avr3/display_library.c ****     shiftNull(number);
 141               	.LM15:
 142 0052 CE01      		movw r24,r28
 143 0054 0E94 0000 		call shiftNull
  32:/Users/Mihai/Documents/GitHub/Proiect_Nanu/avr3/display_library.c ****     shiftOne(number);
 145               	.LM16:
 146 0058 CE01      		movw r24,r28
 147 005a 0E94 0000 		call shiftOne
  33:/Users/Mihai/Documents/GitHub/Proiect_Nanu/avr3/display_library.c ****     shiftNull(number);
 149               	.LM17:
 150 005e CE01      		movw r24,r28
 151 0060 0E94 0000 		call shiftNull
  34:/Users/Mihai/Documents/GitHub/Proiect_Nanu/avr3/display_library.c ****     shiftNull(number);
 153               	.LM18:
 154 0064 CE01      		movw r24,r28
 155 0066 0E94 0000 		call shiftNull
  35:/Users/Mihai/Documents/GitHub/Proiect_Nanu/avr3/display_library.c ****     shiftNull(number);
 157               	.LM19:
 158 006a CE01      		movw r24,r28
 159 006c 0E94 0000 		call shiftNull
 160               	/* epilogue start */
  36:/Users/Mihai/Documents/GitHub/Proiect_Nanu/avr3/display_library.c ****     serialSend();
  37:/Users/Mihai/Documents/GitHub/Proiect_Nanu/avr3/display_library.c ****     
  38:/Users/Mihai/Documents/GitHub/Proiect_Nanu/avr3/display_library.c **** }
 162               	.LM20:
 163 0070 DF91      		pop r29
 164 0072 CF91      		pop r28
  36:/Users/Mihai/Documents/GitHub/Proiect_Nanu/avr3/display_library.c ****     serialSend();
 166               	.LM21:
 167 0074 0C94 0000 		jmp serialSend
 169               	.Lscope2:
 172               	.global	two
 174               	two:
  39:/Users/Mihai/Documents/GitHub/Proiect_Nanu/avr3/display_library.c **** 
  40:/Users/Mihai/Documents/GitHub/Proiect_Nanu/avr3/display_library.c **** void two(int number){
 176               	.LM22:
 177               	.LFBB3:
 178 0078 CF93      		push r28
 179 007a DF93      		push r29
 180               	/* prologue: function */
 181               	/* frame size = 0 */
 182               	/* stack size = 2 */
 183               	.L__stack_usage = 2
 184 007c EC01      		movw r28,r24
  41:/Users/Mihai/Documents/GitHub/Proiect_Nanu/avr3/display_library.c ****     
  42:/Users/Mihai/Documents/GitHub/Proiect_Nanu/avr3/display_library.c ****     shiftNull(number);
 186               	.LM23:
 187 007e 0E94 0000 		call shiftNull
  43:/Users/Mihai/Documents/GitHub/Proiect_Nanu/avr3/display_library.c ****     shiftNull(number);
 189               	.LM24:
 190 0082 CE01      		movw r24,r28
 191 0084 0E94 0000 		call shiftNull
  44:/Users/Mihai/Documents/GitHub/Proiect_Nanu/avr3/display_library.c ****     shiftOne(number);
 193               	.LM25:
 194 0088 CE01      		movw r24,r28
 195 008a 0E94 0000 		call shiftOne
  45:/Users/Mihai/Documents/GitHub/Proiect_Nanu/avr3/display_library.c ****     shiftOne(number);
 197               	.LM26:
 198 008e CE01      		movw r24,r28
 199 0090 0E94 0000 		call shiftOne
  46:/Users/Mihai/Documents/GitHub/Proiect_Nanu/avr3/display_library.c ****     shiftOne(number);
 201               	.LM27:
 202 0094 CE01      		movw r24,r28
 203 0096 0E94 0000 		call shiftOne
  47:/Users/Mihai/Documents/GitHub/Proiect_Nanu/avr3/display_library.c ****     shiftOne(number);
 205               	.LM28:
 206 009a CE01      		movw r24,r28
 207 009c 0E94 0000 		call shiftOne
  48:/Users/Mihai/Documents/GitHub/Proiect_Nanu/avr3/display_library.c ****     shiftNull(number);
 209               	.LM29:
 210 00a0 CE01      		movw r24,r28
 211 00a2 0E94 0000 		call shiftNull
  49:/Users/Mihai/Documents/GitHub/Proiect_Nanu/avr3/display_library.c ****     shiftOne(number);
 213               	.LM30:
 214 00a6 CE01      		movw r24,r28
 215 00a8 0E94 0000 		call shiftOne
 216               	/* epilogue start */
  50:/Users/Mihai/Documents/GitHub/Proiect_Nanu/avr3/display_library.c ****     serialSend();
  51:/Users/Mihai/Documents/GitHub/Proiect_Nanu/avr3/display_library.c ****     
  52:/Users/Mihai/Documents/GitHub/Proiect_Nanu/avr3/display_library.c **** }
 218               	.LM31:
 219 00ac DF91      		pop r29
 220 00ae CF91      		pop r28
  50:/Users/Mihai/Documents/GitHub/Proiect_Nanu/avr3/display_library.c ****     serialSend();
 222               	.LM32:
 223 00b0 0C94 0000 		jmp serialSend
 225               	.Lscope3:
 228               	.global	three
 230               	three:
  53:/Users/Mihai/Documents/GitHub/Proiect_Nanu/avr3/display_library.c **** void three(int number){
 232               	.LM33:
 233               	.LFBB4:
 234 00b4 CF93      		push r28
 235 00b6 DF93      		push r29
 236               	/* prologue: function */
 237               	/* frame size = 0 */
 238               	/* stack size = 2 */
 239               	.L__stack_usage = 2
 240 00b8 EC01      		movw r28,r24
  54:/Users/Mihai/Documents/GitHub/Proiect_Nanu/avr3/display_library.c ****     
  55:/Users/Mihai/Documents/GitHub/Proiect_Nanu/avr3/display_library.c ****     shiftNull(number);
 242               	.LM34:
 243 00ba 0E94 0000 		call shiftNull
  56:/Users/Mihai/Documents/GitHub/Proiect_Nanu/avr3/display_library.c ****     shiftOne(number);
 245               	.LM35:
 246 00be CE01      		movw r24,r28
 247 00c0 0E94 0000 		call shiftOne
  57:/Users/Mihai/Documents/GitHub/Proiect_Nanu/avr3/display_library.c ****     shiftOne(number);
 249               	.LM36:
 250 00c4 CE01      		movw r24,r28
 251 00c6 0E94 0000 		call shiftOne
  58:/Users/Mihai/Documents/GitHub/Proiect_Nanu/avr3/display_library.c ****     shiftNull(number);
 253               	.LM37:
 254 00ca CE01      		movw r24,r28
 255 00cc 0E94 0000 		call shiftNull
  59:/Users/Mihai/Documents/GitHub/Proiect_Nanu/avr3/display_library.c ****     shiftOne(number);
 257               	.LM38:
 258 00d0 CE01      		movw r24,r28
 259 00d2 0E94 0000 		call shiftOne
  60:/Users/Mihai/Documents/GitHub/Proiect_Nanu/avr3/display_library.c ****     shiftOne(number);
 261               	.LM39:
 262 00d6 CE01      		movw r24,r28
 263 00d8 0E94 0000 		call shiftOne
  61:/Users/Mihai/Documents/GitHub/Proiect_Nanu/avr3/display_library.c ****     shiftNull(number);
 265               	.LM40:
 266 00dc CE01      		movw r24,r28
 267 00de 0E94 0000 		call shiftNull
  62:/Users/Mihai/Documents/GitHub/Proiect_Nanu/avr3/display_library.c ****     shiftOne(number);
 269               	.LM41:
 270 00e2 CE01      		movw r24,r28
 271 00e4 0E94 0000 		call shiftOne
 272               	/* epilogue start */
  63:/Users/Mihai/Documents/GitHub/Proiect_Nanu/avr3/display_library.c ****     serialSend();
  64:/Users/Mihai/Documents/GitHub/Proiect_Nanu/avr3/display_library.c ****     
  65:/Users/Mihai/Documents/GitHub/Proiect_Nanu/avr3/display_library.c **** }
 274               	.LM42:
 275 00e8 DF91      		pop r29
 276 00ea CF91      		pop r28
  63:/Users/Mihai/Documents/GitHub/Proiect_Nanu/avr3/display_library.c ****     serialSend();
 278               	.LM43:
 279 00ec 0C94 0000 		jmp serialSend
 281               	.Lscope4:
 284               	.global	four
 286               	four:
  66:/Users/Mihai/Documents/GitHub/Proiect_Nanu/avr3/display_library.c **** void four(int number){
 288               	.LM44:
 289               	.LFBB5:
 290 00f0 CF93      		push r28
 291 00f2 DF93      		push r29
 292               	/* prologue: function */
 293               	/* frame size = 0 */
 294               	/* stack size = 2 */
 295               	.L__stack_usage = 2
 296 00f4 EC01      		movw r28,r24
  67:/Users/Mihai/Documents/GitHub/Proiect_Nanu/avr3/display_library.c ****     
  68:/Users/Mihai/Documents/GitHub/Proiect_Nanu/avr3/display_library.c ****     shiftNull(number);
 298               	.LM45:
 299 00f6 0E94 0000 		call shiftNull
  69:/Users/Mihai/Documents/GitHub/Proiect_Nanu/avr3/display_library.c ****     shiftOne(number);
 301               	.LM46:
 302 00fa CE01      		movw r24,r28
 303 00fc 0E94 0000 		call shiftOne
  70:/Users/Mihai/Documents/GitHub/Proiect_Nanu/avr3/display_library.c ****     shiftNull(number);
 305               	.LM47:
 306 0100 CE01      		movw r24,r28
 307 0102 0E94 0000 		call shiftNull
  71:/Users/Mihai/Documents/GitHub/Proiect_Nanu/avr3/display_library.c ****     shiftNull(number);
 309               	.LM48:
 310 0106 CE01      		movw r24,r28
 311 0108 0E94 0000 		call shiftNull
  72:/Users/Mihai/Documents/GitHub/Proiect_Nanu/avr3/display_library.c ****     shiftOne(number);
 313               	.LM49:
 314 010c CE01      		movw r24,r28
 315 010e 0E94 0000 		call shiftOne
  73:/Users/Mihai/Documents/GitHub/Proiect_Nanu/avr3/display_library.c ****     shiftNull(number);
 317               	.LM50:
 318 0112 CE01      		movw r24,r28
 319 0114 0E94 0000 		call shiftNull
  74:/Users/Mihai/Documents/GitHub/Proiect_Nanu/avr3/display_library.c ****     shiftOne(number);
 321               	.LM51:
 322 0118 CE01      		movw r24,r28
 323 011a 0E94 0000 		call shiftOne
  75:/Users/Mihai/Documents/GitHub/Proiect_Nanu/avr3/display_library.c ****     shiftOne(number);
 325               	.LM52:
 326 011e CE01      		movw r24,r28
 327 0120 0E94 0000 		call shiftOne
 328               	/* epilogue start */
  76:/Users/Mihai/Documents/GitHub/Proiect_Nanu/avr3/display_library.c ****     serialSend();
  77:/Users/Mihai/Documents/GitHub/Proiect_Nanu/avr3/display_library.c ****     
  78:/Users/Mihai/Documents/GitHub/Proiect_Nanu/avr3/display_library.c **** }
 330               	.LM53:
 331 0124 DF91      		pop r29
 332 0126 CF91      		pop r28
  76:/Users/Mihai/Documents/GitHub/Proiect_Nanu/avr3/display_library.c ****     serialSend();
 334               	.LM54:
 335 0128 0C94 0000 		jmp serialSend
 337               	.Lscope5:
 340               	.global	five
 342               	five:
  79:/Users/Mihai/Documents/GitHub/Proiect_Nanu/avr3/display_library.c **** void five(int number){
 344               	.LM55:
 345               	.LFBB6:
 346 012c CF93      		push r28
 347 012e DF93      		push r29
 348               	/* prologue: function */
 349               	/* frame size = 0 */
 350               	/* stack size = 2 */
 351               	.L__stack_usage = 2
 352 0130 EC01      		movw r28,r24
  80:/Users/Mihai/Documents/GitHub/Proiect_Nanu/avr3/display_library.c ****     
  81:/Users/Mihai/Documents/GitHub/Proiect_Nanu/avr3/display_library.c ****     shiftNull(number);
 354               	.LM56:
 355 0132 0E94 0000 		call shiftNull
  82:/Users/Mihai/Documents/GitHub/Proiect_Nanu/avr3/display_library.c ****     shiftOne(number);
 357               	.LM57:
 358 0136 CE01      		movw r24,r28
 359 0138 0E94 0000 		call shiftOne
  83:/Users/Mihai/Documents/GitHub/Proiect_Nanu/avr3/display_library.c ****     shiftOne(number);
 361               	.LM58:
 362 013c CE01      		movw r24,r28
 363 013e 0E94 0000 		call shiftOne
  84:/Users/Mihai/Documents/GitHub/Proiect_Nanu/avr3/display_library.c ****     shiftNull(number);
 365               	.LM59:
 366 0142 CE01      		movw r24,r28
 367 0144 0E94 0000 		call shiftNull
  85:/Users/Mihai/Documents/GitHub/Proiect_Nanu/avr3/display_library.c ****     shiftNull(number);
 369               	.LM60:
 370 0148 CE01      		movw r24,r28
 371 014a 0E94 0000 		call shiftNull
  86:/Users/Mihai/Documents/GitHub/Proiect_Nanu/avr3/display_library.c ****     shiftOne(number);
 373               	.LM61:
 374 014e CE01      		movw r24,r28
 375 0150 0E94 0000 		call shiftOne
  87:/Users/Mihai/Documents/GitHub/Proiect_Nanu/avr3/display_library.c ****     shiftOne(number);
 377               	.LM62:
 378 0154 CE01      		movw r24,r28
 379 0156 0E94 0000 		call shiftOne
  88:/Users/Mihai/Documents/GitHub/Proiect_Nanu/avr3/display_library.c ****     shiftOne(number);
 381               	.LM63:
 382 015a CE01      		movw r24,r28
 383 015c 0E94 0000 		call shiftOne
 384               	/* epilogue start */
  89:/Users/Mihai/Documents/GitHub/Proiect_Nanu/avr3/display_library.c ****     serialSend();
  90:/Users/Mihai/Documents/GitHub/Proiect_Nanu/avr3/display_library.c ****     
  91:/Users/Mihai/Documents/GitHub/Proiect_Nanu/avr3/display_library.c **** }
 386               	.LM64:
 387 0160 DF91      		pop r29
 388 0162 CF91      		pop r28
  89:/Users/Mihai/Documents/GitHub/Proiect_Nanu/avr3/display_library.c ****     serialSend();
 390               	.LM65:
 391 0164 0C94 0000 		jmp serialSend
 393               	.Lscope6:
 396               	.global	six
 398               	six:
  92:/Users/Mihai/Documents/GitHub/Proiect_Nanu/avr3/display_library.c **** void six(int number){
 400               	.LM66:
 401               	.LFBB7:
 402 0168 CF93      		push r28
 403 016a DF93      		push r29
 404               	/* prologue: function */
 405               	/* frame size = 0 */
 406               	/* stack size = 2 */
 407               	.L__stack_usage = 2
 408 016c EC01      		movw r28,r24
  93:/Users/Mihai/Documents/GitHub/Proiect_Nanu/avr3/display_library.c ****     
  94:/Users/Mihai/Documents/GitHub/Proiect_Nanu/avr3/display_library.c ****     shiftNull(number);
 410               	.LM67:
 411 016e 0E94 0000 		call shiftNull
  95:/Users/Mihai/Documents/GitHub/Proiect_Nanu/avr3/display_library.c ****     shiftOne(number);
 413               	.LM68:
 414 0172 CE01      		movw r24,r28
 415 0174 0E94 0000 		call shiftOne
  96:/Users/Mihai/Documents/GitHub/Proiect_Nanu/avr3/display_library.c ****     shiftOne(number);
 417               	.LM69:
 418 0178 CE01      		movw r24,r28
 419 017a 0E94 0000 		call shiftOne
  97:/Users/Mihai/Documents/GitHub/Proiect_Nanu/avr3/display_library.c ****     shiftOne(number);
 421               	.LM70:
 422 017e CE01      		movw r24,r28
 423 0180 0E94 0000 		call shiftOne
  98:/Users/Mihai/Documents/GitHub/Proiect_Nanu/avr3/display_library.c ****     shiftNull(number);
 425               	.LM71:
 426 0184 CE01      		movw r24,r28
 427 0186 0E94 0000 		call shiftNull
  99:/Users/Mihai/Documents/GitHub/Proiect_Nanu/avr3/display_library.c ****     shiftOne(number);
 429               	.LM72:
 430 018a CE01      		movw r24,r28
 431 018c 0E94 0000 		call shiftOne
 100:/Users/Mihai/Documents/GitHub/Proiect_Nanu/avr3/display_library.c ****     shiftOne(number);
 433               	.LM73:
 434 0190 CE01      		movw r24,r28
 435 0192 0E94 0000 		call shiftOne
 101:/Users/Mihai/Documents/GitHub/Proiect_Nanu/avr3/display_library.c ****     shiftOne(number);
 437               	.LM74:
 438 0196 CE01      		movw r24,r28
 439 0198 0E94 0000 		call shiftOne
 440               	/* epilogue start */
 102:/Users/Mihai/Documents/GitHub/Proiect_Nanu/avr3/display_library.c ****     serialSend();
 103:/Users/Mihai/Documents/GitHub/Proiect_Nanu/avr3/display_library.c ****     
 104:/Users/Mihai/Documents/GitHub/Proiect_Nanu/avr3/display_library.c **** }
 442               	.LM75:
 443 019c DF91      		pop r29
 444 019e CF91      		pop r28
 102:/Users/Mihai/Documents/GitHub/Proiect_Nanu/avr3/display_library.c ****     serialSend();
 446               	.LM76:
 447 01a0 0C94 0000 		jmp serialSend
 449               	.Lscope7:
 452               	.global	seven
 454               	seven:
 105:/Users/Mihai/Documents/GitHub/Proiect_Nanu/avr3/display_library.c **** void seven(int number){
 456               	.LM77:
 457               	.LFBB8:
 458 01a4 CF93      		push r28
 459 01a6 DF93      		push r29
 460               	/* prologue: function */
 461               	/* frame size = 0 */
 462               	/* stack size = 2 */
 463               	.L__stack_usage = 2
 464 01a8 EC01      		movw r28,r24
 106:/Users/Mihai/Documents/GitHub/Proiect_Nanu/avr3/display_library.c ****     
 107:/Users/Mihai/Documents/GitHub/Proiect_Nanu/avr3/display_library.c ****     shiftNull(number);
 466               	.LM78:
 467 01aa 0E94 0000 		call shiftNull
 108:/Users/Mihai/Documents/GitHub/Proiect_Nanu/avr3/display_library.c ****     shiftOne(number);
 469               	.LM79:
 470 01ae CE01      		movw r24,r28
 471 01b0 0E94 0000 		call shiftOne
 109:/Users/Mihai/Documents/GitHub/Proiect_Nanu/avr3/display_library.c ****     shiftNull(number);
 473               	.LM80:
 474 01b4 CE01      		movw r24,r28
 475 01b6 0E94 0000 		call shiftNull
 110:/Users/Mihai/Documents/GitHub/Proiect_Nanu/avr3/display_library.c ****     shiftNull(number);
 477               	.LM81:
 478 01ba CE01      		movw r24,r28
 479 01bc 0E94 0000 		call shiftNull
 111:/Users/Mihai/Documents/GitHub/Proiect_Nanu/avr3/display_library.c ****     shiftOne(number);
 481               	.LM82:
 482 01c0 CE01      		movw r24,r28
 483 01c2 0E94 0000 		call shiftOne
 112:/Users/Mihai/Documents/GitHub/Proiect_Nanu/avr3/display_library.c ****     shiftOne(number);
 485               	.LM83:
 486 01c6 CE01      		movw r24,r28
 487 01c8 0E94 0000 		call shiftOne
 113:/Users/Mihai/Documents/GitHub/Proiect_Nanu/avr3/display_library.c ****     shiftNull(number);
 489               	.LM84:
 490 01cc CE01      		movw r24,r28
 491 01ce 0E94 0000 		call shiftNull
 114:/Users/Mihai/Documents/GitHub/Proiect_Nanu/avr3/display_library.c ****     shiftNull(number);
 493               	.LM85:
 494 01d2 CE01      		movw r24,r28
 495 01d4 0E94 0000 		call shiftNull
 496               	/* epilogue start */
 115:/Users/Mihai/Documents/GitHub/Proiect_Nanu/avr3/display_library.c ****     serialSend();
 116:/Users/Mihai/Documents/GitHub/Proiect_Nanu/avr3/display_library.c ****     
 117:/Users/Mihai/Documents/GitHub/Proiect_Nanu/avr3/display_library.c **** }
 498               	.LM86:
 499 01d8 DF91      		pop r29
 500 01da CF91      		pop r28
 115:/Users/Mihai/Documents/GitHub/Proiect_Nanu/avr3/display_library.c ****     serialSend();
 502               	.LM87:
 503 01dc 0C94 0000 		jmp serialSend
 505               	.Lscope8:
 508               	.global	eight
 510               	eight:
 118:/Users/Mihai/Documents/GitHub/Proiect_Nanu/avr3/display_library.c **** void eight(int number){
 512               	.LM88:
 513               	.LFBB9:
 514 01e0 CF93      		push r28
 515 01e2 DF93      		push r29
 516               	/* prologue: function */
 517               	/* frame size = 0 */
 518               	/* stack size = 2 */
 519               	.L__stack_usage = 2
 520 01e4 EC01      		movw r28,r24
 119:/Users/Mihai/Documents/GitHub/Proiect_Nanu/avr3/display_library.c ****     
 120:/Users/Mihai/Documents/GitHub/Proiect_Nanu/avr3/display_library.c ****     shiftNull(number);
 522               	.LM89:
 523 01e6 0E94 0000 		call shiftNull
 121:/Users/Mihai/Documents/GitHub/Proiect_Nanu/avr3/display_library.c ****     shiftOne(number);
 525               	.LM90:
 526 01ea CE01      		movw r24,r28
 527 01ec 0E94 0000 		call shiftOne
 122:/Users/Mihai/Documents/GitHub/Proiect_Nanu/avr3/display_library.c ****     shiftOne(number);
 529               	.LM91:
 530 01f0 CE01      		movw r24,r28
 531 01f2 0E94 0000 		call shiftOne
 123:/Users/Mihai/Documents/GitHub/Proiect_Nanu/avr3/display_library.c ****     shiftOne(number);
 533               	.LM92:
 534 01f6 CE01      		movw r24,r28
 535 01f8 0E94 0000 		call shiftOne
 124:/Users/Mihai/Documents/GitHub/Proiect_Nanu/avr3/display_library.c ****     shiftOne(number);
 537               	.LM93:
 538 01fc CE01      		movw r24,r28
 539 01fe 0E94 0000 		call shiftOne
 125:/Users/Mihai/Documents/GitHub/Proiect_Nanu/avr3/display_library.c ****     shiftOne(number);
 541               	.LM94:
 542 0202 CE01      		movw r24,r28
 543 0204 0E94 0000 		call shiftOne
 126:/Users/Mihai/Documents/GitHub/Proiect_Nanu/avr3/display_library.c ****     shiftOne(number);
 545               	.LM95:
 546 0208 CE01      		movw r24,r28
 547 020a 0E94 0000 		call shiftOne
 127:/Users/Mihai/Documents/GitHub/Proiect_Nanu/avr3/display_library.c ****     shiftOne(number);
 549               	.LM96:
 550 020e CE01      		movw r24,r28
 551 0210 0E94 0000 		call shiftOne
 552               	/* epilogue start */
 128:/Users/Mihai/Documents/GitHub/Proiect_Nanu/avr3/display_library.c ****     serialSend();
 129:/Users/Mihai/Documents/GitHub/Proiect_Nanu/avr3/display_library.c ****     
 130:/Users/Mihai/Documents/GitHub/Proiect_Nanu/avr3/display_library.c **** }
 554               	.LM97:
 555 0214 DF91      		pop r29
 556 0216 CF91      		pop r28
 128:/Users/Mihai/Documents/GitHub/Proiect_Nanu/avr3/display_library.c ****     serialSend();
 558               	.LM98:
 559 0218 0C94 0000 		jmp serialSend
 561               	.Lscope9:
 564               	.global	nine
 566               	nine:
 131:/Users/Mihai/Documents/GitHub/Proiect_Nanu/avr3/display_library.c **** 
 132:/Users/Mihai/Documents/GitHub/Proiect_Nanu/avr3/display_library.c **** void nine(int number){
 568               	.LM99:
 569               	.LFBB10:
 570 021c CF93      		push r28
 571 021e DF93      		push r29
 572               	/* prologue: function */
 573               	/* frame size = 0 */
 574               	/* stack size = 2 */
 575               	.L__stack_usage = 2
 576 0220 EC01      		movw r28,r24
 133:/Users/Mihai/Documents/GitHub/Proiect_Nanu/avr3/display_library.c ****     
 134:/Users/Mihai/Documents/GitHub/Proiect_Nanu/avr3/display_library.c ****     shiftNull(number);
 578               	.LM100:
 579 0222 0E94 0000 		call shiftNull
 135:/Users/Mihai/Documents/GitHub/Proiect_Nanu/avr3/display_library.c ****     shiftOne(number);
 581               	.LM101:
 582 0226 CE01      		movw r24,r28
 583 0228 0E94 0000 		call shiftOne
 136:/Users/Mihai/Documents/GitHub/Proiect_Nanu/avr3/display_library.c ****     shiftOne(number);
 585               	.LM102:
 586 022c CE01      		movw r24,r28
 587 022e 0E94 0000 		call shiftOne
 137:/Users/Mihai/Documents/GitHub/Proiect_Nanu/avr3/display_library.c ****     shiftNull(number);
 589               	.LM103:
 590 0232 CE01      		movw r24,r28
 591 0234 0E94 0000 		call shiftNull
 138:/Users/Mihai/Documents/GitHub/Proiect_Nanu/avr3/display_library.c ****     shiftOne(number);
 593               	.LM104:
 594 0238 CE01      		movw r24,r28
 595 023a 0E94 0000 		call shiftOne
 139:/Users/Mihai/Documents/GitHub/Proiect_Nanu/avr3/display_library.c ****     shiftOne(number);
 597               	.LM105:
 598 023e CE01      		movw r24,r28
 599 0240 0E94 0000 		call shiftOne
 140:/Users/Mihai/Documents/GitHub/Proiect_Nanu/avr3/display_library.c ****     shiftOne(number);
 601               	.LM106:
 602 0244 CE01      		movw r24,r28
 603 0246 0E94 0000 		call shiftOne
 141:/Users/Mihai/Documents/GitHub/Proiect_Nanu/avr3/display_library.c ****     shiftOne(number);
 605               	.LM107:
 606 024a CE01      		movw r24,r28
 607 024c 0E94 0000 		call shiftOne
 608               	/* epilogue start */
 142:/Users/Mihai/Documents/GitHub/Proiect_Nanu/avr3/display_library.c ****     serialSend();
 143:/Users/Mihai/Documents/GitHub/Proiect_Nanu/avr3/display_library.c ****     
 144:/Users/Mihai/Documents/GitHub/Proiect_Nanu/avr3/display_library.c **** }
 610               	.LM108:
 611 0250 DF91      		pop r29
 612 0252 CF91      		pop r28
 142:/Users/Mihai/Documents/GitHub/Proiect_Nanu/avr3/display_library.c ****     serialSend();
 614               	.LM109:
 615 0254 0C94 0000 		jmp serialSend
 617               	.Lscope10:
 620               	.global	clear
 622               	clear:
 145:/Users/Mihai/Documents/GitHub/Proiect_Nanu/avr3/display_library.c **** 
 146:/Users/Mihai/Documents/GitHub/Proiect_Nanu/avr3/display_library.c **** void clear(int number){
 624               	.LM110:
 625               	.LFBB11:
 626 0258 CF93      		push r28
 627 025a DF93      		push r29
 628               	/* prologue: function */
 629               	/* frame size = 0 */
 630               	/* stack size = 2 */
 631               	.L__stack_usage = 2
 632 025c EC01      		movw r28,r24
 147:/Users/Mihai/Documents/GitHub/Proiect_Nanu/avr3/display_library.c ****     
 148:/Users/Mihai/Documents/GitHub/Proiect_Nanu/avr3/display_library.c ****     shiftNull(number);
 634               	.LM111:
 635 025e 0E94 0000 		call shiftNull
 149:/Users/Mihai/Documents/GitHub/Proiect_Nanu/avr3/display_library.c ****     shiftNull(number);
 637               	.LM112:
 638 0262 CE01      		movw r24,r28
 639 0264 0E94 0000 		call shiftNull
 150:/Users/Mihai/Documents/GitHub/Proiect_Nanu/avr3/display_library.c ****     shiftNull(number);
 641               	.LM113:
 642 0268 CE01      		movw r24,r28
 643 026a 0E94 0000 		call shiftNull
 151:/Users/Mihai/Documents/GitHub/Proiect_Nanu/avr3/display_library.c ****     shiftNull(number);
 645               	.LM114:
 646 026e CE01      		movw r24,r28
 647 0270 0E94 0000 		call shiftNull
 152:/Users/Mihai/Documents/GitHub/Proiect_Nanu/avr3/display_library.c ****     shiftNull(number);
 649               	.LM115:
 650 0274 CE01      		movw r24,r28
 651 0276 0E94 0000 		call shiftNull
 153:/Users/Mihai/Documents/GitHub/Proiect_Nanu/avr3/display_library.c ****     shiftNull(number);
 653               	.LM116:
 654 027a CE01      		movw r24,r28
 655 027c 0E94 0000 		call shiftNull
 154:/Users/Mihai/Documents/GitHub/Proiect_Nanu/avr3/display_library.c ****     shiftNull(number);
 657               	.LM117:
 658 0280 CE01      		movw r24,r28
 659 0282 0E94 0000 		call shiftNull
 155:/Users/Mihai/Documents/GitHub/Proiect_Nanu/avr3/display_library.c ****     shiftNull(number);
 661               	.LM118:
 662 0286 CE01      		movw r24,r28
 663 0288 0E94 0000 		call shiftNull
 664               	/* epilogue start */
 156:/Users/Mihai/Documents/GitHub/Proiect_Nanu/avr3/display_library.c ****     serialSend();
 157:/Users/Mihai/Documents/GitHub/Proiect_Nanu/avr3/display_library.c ****     
 158:/Users/Mihai/Documents/GitHub/Proiect_Nanu/avr3/display_library.c **** }...
 666               	.LM119:
 667 028c DF91      		pop r29
 668 028e CF91      		pop r28
 156:/Users/Mihai/Documents/GitHub/Proiect_Nanu/avr3/display_library.c ****     serialSend();
 670               	.LM120:
 671 0290 0C94 0000 		jmp serialSend
 673               	.Lscope11:
 675               	.Letext0:
 676               		.ident	"GCC: (GNU) 4.8.1"
DEFINED SYMBOLS
                            *ABS*:00000000 display_library.c
/var/folders/0l/v5bxx64s22z65_nc6ss582bm0000gn/T//ccxXTj6d.s:2      *ABS*:0000003e __SP_H__
/var/folders/0l/v5bxx64s22z65_nc6ss582bm0000gn/T//ccxXTj6d.s:3      *ABS*:0000003d __SP_L__
/var/folders/0l/v5bxx64s22z65_nc6ss582bm0000gn/T//ccxXTj6d.s:4      *ABS*:0000003f __SREG__
/var/folders/0l/v5bxx64s22z65_nc6ss582bm0000gn/T//ccxXTj6d.s:5      *ABS*:00000000 __tmp_reg__
/var/folders/0l/v5bxx64s22z65_nc6ss582bm0000gn/T//ccxXTj6d.s:6      *ABS*:00000001 __zero_reg__
/var/folders/0l/v5bxx64s22z65_nc6ss582bm0000gn/T//ccxXTj6d.s:62     .text:00000000 zero
/var/folders/0l/v5bxx64s22z65_nc6ss582bm0000gn/T//ccxXTj6d.s:118    .text:0000003c one
/var/folders/0l/v5bxx64s22z65_nc6ss582bm0000gn/T//ccxXTj6d.s:174    .text:00000078 two
/var/folders/0l/v5bxx64s22z65_nc6ss582bm0000gn/T//ccxXTj6d.s:230    .text:000000b4 three
/var/folders/0l/v5bxx64s22z65_nc6ss582bm0000gn/T//ccxXTj6d.s:286    .text:000000f0 four
/var/folders/0l/v5bxx64s22z65_nc6ss582bm0000gn/T//ccxXTj6d.s:342    .text:0000012c five
/var/folders/0l/v5bxx64s22z65_nc6ss582bm0000gn/T//ccxXTj6d.s:398    .text:00000168 six
/var/folders/0l/v5bxx64s22z65_nc6ss582bm0000gn/T//ccxXTj6d.s:454    .text:000001a4 seven
/var/folders/0l/v5bxx64s22z65_nc6ss582bm0000gn/T//ccxXTj6d.s:510    .text:000001e0 eight
/var/folders/0l/v5bxx64s22z65_nc6ss582bm0000gn/T//ccxXTj6d.s:566    .text:0000021c nine
/var/folders/0l/v5bxx64s22z65_nc6ss582bm0000gn/T//ccxXTj6d.s:622    .text:00000258 clear

UNDEFINED SYMBOLS
shiftNull
shiftOne
serialSend
