   1               		.file	"main.c"
   2               	__SP_H__ = 0x3e
   3               	__SP_L__ = 0x3d
   4               	__SREG__ = 0x3f
   5               	__tmp_reg__ = 0
   6               	__zero_reg__ = 1
   8               		.text
   9               	.Ltext0:
 101               		.section	.text.startup,"ax",@progbits
 103               	.global	main
 105               	main:
   1:/Users/Mihai/Documents/GitHub/Proiect_Nanu/avr3/main.c **** # define F_CPU 16000000UL
   2:/Users/Mihai/Documents/GitHub/Proiect_Nanu/avr3/main.c **** 
   3:/Users/Mihai/Documents/GitHub/Proiect_Nanu/avr3/main.c **** #include <avr/io.h>
   4:/Users/Mihai/Documents/GitHub/Proiect_Nanu/avr3/main.c **** #include <util/delay.h>
   5:/Users/Mihai/Documents/GitHub/Proiect_Nanu/avr3/main.c **** #include <avr/interrupt.h>
   6:/Users/Mihai/Documents/GitHub/Proiect_Nanu/avr3/main.c **** 
   7:/Users/Mihai/Documents/GitHub/Proiect_Nanu/avr3/main.c **** #include <timer_library.h>
   8:/Users/Mihai/Documents/GitHub/Proiect_Nanu/avr3/main.c **** #include <display_library.h>
   9:/Users/Mihai/Documents/GitHub/Proiect_Nanu/avr3/main.c **** #include <pwm_library.h>
  10:/Users/Mihai/Documents/GitHub/Proiect_Nanu/avr3/main.c **** 
  11:/Users/Mihai/Documents/GitHub/Proiect_Nanu/avr3/main.c **** int i=0;
  12:/Users/Mihai/Documents/GitHub/Proiect_Nanu/avr3/main.c **** double ms=400;
  13:/Users/Mihai/Documents/GitHub/Proiect_Nanu/avr3/main.c **** 
  14:/Users/Mihai/Documents/GitHub/Proiect_Nanu/avr3/main.c **** int main(void) {
 107               	.LM0:
 108               	.LFBB1:
 109               	/* prologue: function */
 110               	/* frame size = 0 */
 111               	/* stack size = 0 */
 112               	.L__stack_usage = 0
  15:/Users/Mihai/Documents/GitHub/Proiect_Nanu/avr3/main.c **** 
  16:/Users/Mihai/Documents/GitHub/Proiect_Nanu/avr3/main.c ****     //timer_1(1000); // set value in ms
  17:/Users/Mihai/Documents/GitHub/Proiect_Nanu/avr3/main.c ****     
  18:/Users/Mihai/Documents/GitHub/Proiect_Nanu/avr3/main.c ****     DDRD = 0xff;
 114               	.LM1:
 115 0000 8FEF      		ldi r24,lo8(-1)
 116 0002 8AB9      		out 0xa,r24
  19:/Users/Mihai/Documents/GitHub/Proiect_Nanu/avr3/main.c ****     DDRB = 0xff;
 118               	.LM2:
 119 0004 84B9      		out 0x4,r24
 120               	.L2:
  20:/Users/Mihai/Documents/GitHub/Proiect_Nanu/avr3/main.c ****     
  21:/Users/Mihai/Documents/GitHub/Proiect_Nanu/avr3/main.c ****     
  22:/Users/Mihai/Documents/GitHub/Proiect_Nanu/avr3/main.c ****     
  23:/Users/Mihai/Documents/GitHub/Proiect_Nanu/avr3/main.c ****     while(1){
  24:/Users/Mihai/Documents/GitHub/Proiect_Nanu/avr3/main.c **** 
  25:/Users/Mihai/Documents/GitHub/Proiect_Nanu/avr3/main.c ****        pwmGenerator(3, 255, i);
 122               	.LM3:
 123 0006 4091 0000 		lds r20,i
 124 000a 5091 0000 		lds r21,i+1
 125 000e 6FEF      		ldi r22,lo8(-1)
 126 0010 70E0      		ldi r23,0
 127 0012 83E0      		ldi r24,lo8(3)
 128 0014 90E0      		ldi r25,0
 129 0016 0E94 0000 		call pwmGenerator
  26:/Users/Mihai/Documents/GitHub/Proiect_Nanu/avr3/main.c ****         i++;
 131               	.LM4:
 132 001a 8091 0000 		lds r24,i
 133 001e 9091 0000 		lds r25,i+1
 134 0022 0196      		adiw r24,1
 135 0024 9093 0000 		sts i+1,r25
 136 0028 8093 0000 		sts i,r24
 137 002c 00C0      		rjmp .L2
 139               	.Lscope1:
 140               	.global	ms
 141               		.data
 144               	ms:
 145 0000 00        		.byte	0
 146 0001 00        		.byte	0
 147 0002 C8        		.byte	-56
 148 0003 43        		.byte	67
 149               	.global	i
 150               		.section .bss
 153               	i:
 154 0000 0000      		.zero	2
 157               		.text
 159               	.Letext0:
 160               		.ident	"GCC: (GNU) 4.8.1"
 161               	.global __do_copy_data
 162               	.global __do_clear_bss
DEFINED SYMBOLS
                            *ABS*:00000000 main.c
/var/folders/0l/v5bxx64s22z65_nc6ss582bm0000gn/T//ccWcrUWb.s:2      *ABS*:0000003e __SP_H__
/var/folders/0l/v5bxx64s22z65_nc6ss582bm0000gn/T//ccWcrUWb.s:3      *ABS*:0000003d __SP_L__
/var/folders/0l/v5bxx64s22z65_nc6ss582bm0000gn/T//ccWcrUWb.s:4      *ABS*:0000003f __SREG__
/var/folders/0l/v5bxx64s22z65_nc6ss582bm0000gn/T//ccWcrUWb.s:5      *ABS*:00000000 __tmp_reg__
/var/folders/0l/v5bxx64s22z65_nc6ss582bm0000gn/T//ccWcrUWb.s:6      *ABS*:00000001 __zero_reg__
/var/folders/0l/v5bxx64s22z65_nc6ss582bm0000gn/T//ccWcrUWb.s:105    .text.startup:00000000 main
/var/folders/0l/v5bxx64s22z65_nc6ss582bm0000gn/T//ccWcrUWb.s:153    .bss:00000000 i
/var/folders/0l/v5bxx64s22z65_nc6ss582bm0000gn/T//ccWcrUWb.s:144    .data:00000000 ms

UNDEFINED SYMBOLS
pwmGenerator
__do_copy_data
__do_clear_bss
